[31m[Nest] 21436  - [39m02/08/2026, 14:28:20 [31m  ERROR[39m [38;5;3m[ExceptionsHandler] [39mTypeError: Cannot read properties of undefined (reading 'login')
    at AuthController.login [90m(C:\Projetos\dev\Gestor_Projetos\backend\[39msrc\auth\auth.controller.ts:15:72[90m)[39m
    at [9[31m[Nest] 23168  - [39m02/08/2026, 14:32:07 [31m  ERROR[39m [38;5;3m[NestApplication] [39m[31mError: listen EADDRINUSE: address already in use :::3333[39m[38;5;3m +5ms[39m
node:net:2008
    const ex = new UVExceptionWithHostPort(err, 'listen', address, port);
               ^

Error: listen EADDRINUSE: address already in use :::3333
    at Server.setupListenHandle [as _listen2] (node:net:2008:16)
    at listenInCluster (node:net:2065:12)
    at Server.listen (node:net:2170:7)
    at ExpressAdapter.listen (C:\Projetos\dev\Gestor_Projetos\backend\node_modules\@nestjs\platform-express\adapters\express-adapter.js:115:32)
    at C:\Projetos\dev\Gestor_Projetos\backend\node_modules\@nestjs\core\nest-application.js:190:30
    at new Promise (<anonymous>)
    at NestApplication.listen (C:\Projetos\dev\Gestor_Projetos\backend\node_modules\@nestjs\core\nest-application.js:180:16)
    at async bootstrap (C:\Projetos\dev\Gestor_Projetos\backend\src\main.ts:13:3) {
  code: 'EADDRINUSE',
  errno: -4091,
  syscall: 'listen',
  address: '::',
  port: 3333
}

Node.js v24.15.0
39m
    at async [90mC:\Projetos\dev\Gestor_Projetos\backend\[39mnode_modules\[4m@nestjs\core[24m\router\router-execution-context.js:47:62
    at async [90mC:\Projetos\dev\Gestor_Projetos\backend\[39mnode_modules\[4m@nestjs\core[24m\router\router-proxy.js:9:17
[31m[Nest] 21912  - [39m02/08/2026, 14:32:07 [31m  ERROR[39m [38;5;3m[NestApplication] [39m[31mError: listen EADDRINUSE: address already in use :::3333[39m[38;5;3m +4ms[39m
node:net:2008
    const ex = new UVExceptionWithHostPort(err, 'listen', address, port);
               ^

Error: listen EADDRINUSE: address already in use :::3333
    at Server.setupListenHandle [as _listen2] (node:net:2008:16)
    at listenInCluster (node:net:2065:12)
    at Server.listen (node:net:2170:7)
    at ExpressAdapter.listen (C:\Projetos\dev\Gestor_Projetos\backend\node_modules\@nestjs\platform-express\adapters\express-adapter.js:115:32)
    at C:\Projetos\dev\Gestor_Projetos\backend\node_modules\@nestjs\core\nest-application.js:190:30
    at new Promise (<anonymous>)
    at NestApplication.listen (C:\Projetos\dev\Gestor_Projetos\backend\node_modules\@nestjs\core\nest-application.js:180:16)
    at async bootstrap (C:\Projetos\dev\Gestor_Projetos\backend\src\main.ts:13:3) {
  code: 'EADDRINUSE',
  errno: -4091,
  syscall: 'listen',
  address: '::',
  port: 3333
}

Node.js v24.15.0
[31m[Nest] 10036  - [39m02/08/2026, 14:32:34 [31m  ERROR[39m [38;5;3m[NestApplication] [39m[31mError: listen EADDRINUSE: address already in use :::3333[39m[38;5;3m +3ms[39m
node:net:2008
    const ex = new UVExceptionWithHostPort(err, 'listen', address, port);
               ^

Error: listen EADDRINUSE: address already in use :::3333
    at Server.setupListenHandle [as _listen2] (node:net:2008:16)
    at listenInCluster (node:net:2065:12)
    at Server.listen (node:net:2170:7)
    at ExpressAdapter.listen (C:\Projetos\dev\Gestor_Projetos\backend\node_modules\@nestjs\platform-express\adapters\express-adapter.js:115:32)
    at C:\Projetos\dev\Gestor_Projetos\backend\node_modules\@nestjs\core\nest-application.js:190:30
    at new Promise (<anonymous>)
    at NestApplication.listen (C:\Projetos\dev\Gestor_Projetos\backend\node_modules\@nestjs\core\nest-application.js:180:16)
    at async bootstrap (C:\Projetos\dev\Gestor_Projetos\backend\src\main.ts:13:3) {
  code: 'EADDRINUSE',
  errno: -4091,
  syscall: 'listen',
  address: '::',
  port: 3333
}

Node.js v24.15.0
